// Jest Snapshot v1, https://goo.gl/fbAQLP

exports[`Test the Login Page it render the longin page without failing 1`] = `
<Fragment>
  <div
    className="purple-gradient-bg"
  >
    <Container
      as="div"
      fluid={false}
    >
      <Header
        location=""
      />
    </Container>
    <Container
      as="div"
      fluid={false}
    >
      <Bootstrap(Row)>
        <Col
          as="div"
          className="form-black-bg"
          md={
            Object {
              "offset": 3,
              "span": 6,
            }
          }
        >
          <h3>
            Login
          </h3>
          <Form
            as="form"
            className="form-login"
            inline={false}
            onSubmit={[Function]}
          >
            <FormControl
              as="input"
              className="dark-forms"
              name="email"
              onChange={[Function]}
              placeholder="Email"
              required={true}
              type="email"
            />
            <FormControl
              as="input"
              className="dark-forms"
              name="password"
              onChange={[Function]}
              placeholder="Password"
              required={true}
              type="password"
            />
            <Button
              text="Login"
            />
            <div
              className="container-extras"
            >
              <span>
                <input
                  className="checkbox"
                  name="rememberMe"
                  type="checkbox"
                />
                Remember Me
              </span>
              <span>
                <NavLink
                  className="link-to-another-page"
                  to="/requestpasswordreset"
                >
                  Forgotten password?
                </NavLink>
              </span>
            </div>
          </Form>
          <div
            className="container-social-login"
          >
            <span
              className="info"
            >
              Or login using 
            </span>
            <SocialIcon
              className="social-media-icons"
              url="http://twitter.com"
            />
            <SocialIcon
              className="social-media-icons"
              url="http://facebook.com"
            />
            <SocialIcon
              className="social-media-icons"
              url="http://google.com"
            />
          </div>
          <div
            className="container-directing-to-signup"
          >
            <span>
              Don't have an account? Singn up
              <NavLink
                className="link-to-another-page"
                to="/signup"
              >
                here
              </NavLink>
            </span>
          </div>
        </Col>
      </Bootstrap(Row)>
    </Container>
  </div>
</Fragment>
`;
