// Jest Snapshot v1, https://goo.gl/fbAQLP

exports[`Signup action creator should dispatch a failed signup action 1`] = `
Array [
  Object {
    "payload": undefined,
    "type": "SIGNUP",
  },
]
`;

exports[`Signup action creator should dispatch a success signup action 1`] = `
Array [
  Object {
    "payload": undefined,
    "type": "SIGNUP",
  },
]
`;

exports[`Signup action creator should dispatch a successful signup action 1`] = `
Array [
  Object {
    "payload": undefined,
    "type": "SIGNUP",
  },
]
`;
